// Jest Snapshot v1, https://goo.gl/fbAQLP

exports[`Components::TodoViewItem should render correctly 1`] = `
ShallowWrapper {
  "length": 1,
  Symbol(enzyme.__root__): [Circular],
  Symbol(enzyme.__unrendered__): <TodoViewItem
    item={
        Object {
            "content": "todo",
          }
    }
    onDeleteBtnClick={[Function]}
    onEditBtnClick={[Function]}
/>,
  Symbol(enzyme.__renderer__): Object {
    "batchedUpdates": [Function],
    "getNode": [Function],
    "render": [Function],
    "simulateEvent": [Function],
    "unmount": [Function],
  },
  Symbol(enzyme.__node__): Object {
    "instance": null,
    "key": undefined,
    "nodeType": "host",
    "props": Object {
      "children": Array [
        <span
          className="tl-todo-item-text"
>
          todo
</span>,
        <div
          className="tl-todo-item-actions"
>
          <button
                    className="btn btn-link"
                    onClick={[Function]}
                    type="button"
          >
                    <i
                              className="fa fa-pencil"
                    />
          </button>
          <button
                    className="btn btn-link"
                    onClick={[Function]}
                    type="button"
          >
                    <i
                              className="fa fa-trash"
                    />
          </button>
</div>,
      ],
      "className": "tl-todo-item",
    },
    "ref": null,
    "rendered": Array [
      Object {
        "instance": null,
        "key": undefined,
        "nodeType": "host",
        "props": Object {
          "children": "todo",
          "className": "tl-todo-item-text",
        },
        "ref": null,
        "rendered": "todo",
        "type": "span",
      },
      Object {
        "instance": null,
        "key": undefined,
        "nodeType": "host",
        "props": Object {
          "children": Array [
            <button
              className="btn btn-link"
              onClick={[Function]}
              type="button"
>
              <i
                            className="fa fa-pencil"
              />
</button>,
            <button
              className="btn btn-link"
              onClick={[Function]}
              type="button"
>
              <i
                            className="fa fa-trash"
              />
</button>,
          ],
          "className": "tl-todo-item-actions",
        },
        "ref": null,
        "rendered": Array [
          Object {
            "instance": null,
            "key": undefined,
            "nodeType": "host",
            "props": Object {
              "children": <i
                className="fa fa-pencil"
/>,
              "className": "btn btn-link",
              "onClick": [Function],
              "type": "button",
            },
            "ref": null,
            "rendered": Object {
              "instance": null,
              "key": undefined,
              "nodeType": "host",
              "props": Object {
                "className": "fa fa-pencil",
              },
              "ref": null,
              "rendered": null,
              "type": "i",
            },
            "type": "button",
          },
          Object {
            "instance": null,
            "key": undefined,
            "nodeType": "host",
            "props": Object {
              "children": <i
                className="fa fa-trash"
/>,
              "className": "btn btn-link",
              "onClick": [Function],
              "type": "button",
            },
            "ref": null,
            "rendered": Object {
              "instance": null,
              "key": undefined,
              "nodeType": "host",
              "props": Object {
                "className": "fa fa-trash",
              },
              "ref": null,
              "rendered": null,
              "type": "i",
            },
            "type": "button",
          },
        ],
        "type": "div",
      },
    ],
    "type": "div",
  },
  Symbol(enzyme.__nodes__): Array [
    Object {
      "instance": null,
      "key": undefined,
      "nodeType": "host",
      "props": Object {
        "children": Array [
          <span
            className="tl-todo-item-text"
>
            todo
</span>,
          <div
            className="tl-todo-item-actions"
>
            <button
                        className="btn btn-link"
                        onClick={[Function]}
                        type="button"
            >
                        <i
                                    className="fa fa-pencil"
                        />
            </button>
            <button
                        className="btn btn-link"
                        onClick={[Function]}
                        type="button"
            >
                        <i
                                    className="fa fa-trash"
                        />
            </button>
</div>,
        ],
        "className": "tl-todo-item",
      },
      "ref": null,
      "rendered": Array [
        Object {
          "instance": null,
          "key": undefined,
          "nodeType": "host",
          "props": Object {
            "children": "todo",
            "className": "tl-todo-item-text",
          },
          "ref": null,
          "rendered": "todo",
          "type": "span",
        },
        Object {
          "instance": null,
          "key": undefined,
          "nodeType": "host",
          "props": Object {
            "children": Array [
              <button
                className="btn btn-link"
                onClick={[Function]}
                type="button"
>
                <i
                                className="fa fa-pencil"
                />
</button>,
              <button
                className="btn btn-link"
                onClick={[Function]}
                type="button"
>
                <i
                                className="fa fa-trash"
                />
</button>,
            ],
            "className": "tl-todo-item-actions",
          },
          "ref": null,
          "rendered": Array [
            Object {
              "instance": null,
              "key": undefined,
              "nodeType": "host",
              "props": Object {
                "children": <i
                  className="fa fa-pencil"
/>,
                "className": "btn btn-link",
                "onClick": [Function],
                "type": "button",
              },
              "ref": null,
              "rendered": Object {
                "instance": null,
                "key": undefined,
                "nodeType": "host",
                "props": Object {
                  "className": "fa fa-pencil",
                },
                "ref": null,
                "rendered": null,
                "type": "i",
              },
              "type": "button",
            },
            Object {
              "instance": null,
              "key": undefined,
              "nodeType": "host",
              "props": Object {
                "children": <i
                  className="fa fa-trash"
/>,
                "className": "btn btn-link",
                "onClick": [Function],
                "type": "button",
              },
              "ref": null,
              "rendered": Object {
                "instance": null,
                "key": undefined,
                "nodeType": "host",
                "props": Object {
                  "className": "fa fa-trash",
                },
                "ref": null,
                "rendered": null,
                "type": "i",
              },
              "type": "button",
            },
          ],
          "type": "div",
        },
      ],
      "type": "div",
    },
  ],
  Symbol(enzyme.__options__): Object {
    "adapter": ReactSixteenAdapter {
      "options": Object {
        "enableComponentDidUpdateOnSetState": true,
      },
    },
  },
}
`;
