// Jest Snapshot v1, https://goo.gl/fbAQLP

exports[`Components::ListView should render correctly 1`] = `
ShallowWrapper {
  "length": 1,
  Symbol(enzyme.__root__): [Circular],
  Symbol(enzyme.__unrendered__): <ListView
    ViewItem={[Function]}
    items={
        Array [
            Object {
              "id": 1,
            },
            Object {
              "id": 2,
            },
          ]
    }
/>,
  Symbol(enzyme.__renderer__): Object {
    "batchedUpdates": [Function],
    "getNode": [Function],
    "render": [Function],
    "simulateEvent": [Function],
    "unmount": [Function],
  },
  Symbol(enzyme.__node__): Object {
    "instance": null,
    "key": undefined,
    "nodeType": "host",
    "props": Object {
      "children": Array [
        <li
          className="list-group-item"
>
          <ViewItem
                    item={
                              Object {
                                        "id": 1,
                                      }
                    }
          />
</li>,
        <li
          className="list-group-item"
>
          <ViewItem
                    item={
                              Object {
                                        "id": 2,
                                      }
                    }
          />
</li>,
      ],
      "className": "list-group",
    },
    "ref": null,
    "rendered": Array [
      Object {
        "instance": null,
        "key": "1",
        "nodeType": "host",
        "props": Object {
          "children": <ViewItem
            item={
                        Object {
                                    "id": 1,
                                  }
            }
/>,
          "className": "list-group-item",
        },
        "ref": null,
        "rendered": Object {
          "instance": null,
          "key": undefined,
          "nodeType": "function",
          "props": Object {
            "item": Object {
              "id": 1,
            },
          },
          "ref": null,
          "rendered": null,
          "type": [Function],
        },
        "type": "li",
      },
      Object {
        "instance": null,
        "key": "2",
        "nodeType": "host",
        "props": Object {
          "children": <ViewItem
            item={
                        Object {
                                    "id": 2,
                                  }
            }
/>,
          "className": "list-group-item",
        },
        "ref": null,
        "rendered": Object {
          "instance": null,
          "key": undefined,
          "nodeType": "function",
          "props": Object {
            "item": Object {
              "id": 2,
            },
          },
          "ref": null,
          "rendered": null,
          "type": [Function],
        },
        "type": "li",
      },
    ],
    "type": "ul",
  },
  Symbol(enzyme.__nodes__): Array [
    Object {
      "instance": null,
      "key": undefined,
      "nodeType": "host",
      "props": Object {
        "children": Array [
          <li
            className="list-group-item"
>
            <ViewItem
                        item={
                                    Object {
                                                "id": 1,
                                              }
                        }
            />
</li>,
          <li
            className="list-group-item"
>
            <ViewItem
                        item={
                                    Object {
                                                "id": 2,
                                              }
                        }
            />
</li>,
        ],
        "className": "list-group",
      },
      "ref": null,
      "rendered": Array [
        Object {
          "instance": null,
          "key": "1",
          "nodeType": "host",
          "props": Object {
            "children": <ViewItem
              item={
                            Object {
                                          "id": 1,
                                        }
              }
/>,
            "className": "list-group-item",
          },
          "ref": null,
          "rendered": Object {
            "instance": null,
            "key": undefined,
            "nodeType": "function",
            "props": Object {
              "item": Object {
                "id": 1,
              },
            },
            "ref": null,
            "rendered": null,
            "type": [Function],
          },
          "type": "li",
        },
        Object {
          "instance": null,
          "key": "2",
          "nodeType": "host",
          "props": Object {
            "children": <ViewItem
              item={
                            Object {
                                          "id": 2,
                                        }
              }
/>,
            "className": "list-group-item",
          },
          "ref": null,
          "rendered": Object {
            "instance": null,
            "key": undefined,
            "nodeType": "function",
            "props": Object {
              "item": Object {
                "id": 2,
              },
            },
            "ref": null,
            "rendered": null,
            "type": [Function],
          },
          "type": "li",
        },
      ],
      "type": "ul",
    },
  ],
  Symbol(enzyme.__options__): Object {
    "adapter": ReactSixteenAdapter {
      "options": Object {
        "enableComponentDidUpdateOnSetState": true,
      },
    },
  },
}
`;
